<a any_thing_in_string="any_thing_in_string"></a>
<a string="string" 1="1" true="true"></a>
<a @="@" $="$" _="_" @a="@a" $a="$a" _b="_b"></a>
<a $a.a-b.c="$a.a-b.c"></a>
<a a="$a.a-b.c"></a>
<a a="@" b="$" c="_" d="@$____"></a>
<a a="1" b="b" c="true"></a>
<a a="string" b="string2"></a>
