<a a="1" b="2" c="3" d="4"></a>
<a a="1" b="2" c="3" d="4"></a>
<a a="1" 2="2" 3="3" 4="4" b="2" c="3" d="4"></a>
