<a></a>
<@></@>
<$></$>
<_></_>
<$$$></$$$>
<___></___>
<_--_0123456789abc></_--_0123456789abc>
