<root>
    <level1>
        <level2></level2>
        <level2></level2>
        <level2>
            <level3>
                <level4></level4>
            </level3>
        </level2>
    </level1>
    <level1>
        <level2>
            <level3>
                <level4>
                    <level5></level5>
                </level4>
            </level3>
        </level2>
    </level1>
</root>
