<div id="id"></div>
<div class="class"></div>
<a id="id"></a>
<a class="class"></a>
<a class="class1 class2 class3"></a>
<a id="id" class="class1 class2 class3"></a>
<a id="id" class="class1 class2 class3"></a>
<a id="id" class="class1 class2 class3"></a>
<a id="id" class="class1 class2 class3"></a>
<a class="$ _ @"></a>
<a id="$"></a>
<a id="_"></a>
<a id="@"></a>
<a class="col-md-3 col-xs-12"></a>
