<n:a n:b="1"></n:a>
<n:div class="btn"></n:div>
<n:div id="btn"></n:div>
<n:a class="btn">
    <a id="btn"></a>
</n:a>
