<a>any text</a>
<a> inline text with heading whitespace</a>
<b>
    this
     is
      a

    text
      block
</b>
<c>
    pipeline
    text
</c>
<d>
    this
      is
     a
        pipeline
       text
           block

</d>
<combined>inline text
    pipeline text
    pipeline
    block

    another pipeline text
</combined>
