<!-- inline comment -->
<!--
    this
    is

    a
    comment
    block

-->
<!-- inline comment -->
<a>
    <!--
        comment
        block
    -->
    <b></b>
    <c>
        <!-- comment -->
    </c>
</a>
