<area>
<base>
<br>
<col>
<command>
<embed>
<hr>
<img>
<input>
<keygen>
<link>
<meta>
<param>
<source>
<track>
<wbr>
<img self-closing="with-attributes" src="image.jpg">
<img id="hash" class="dot">
<img>
<img>
<img>
<img>
