<a id="id" href="url">foo</a>
<a id="hello" href="url">foo</a>
<form id="form">
    <input name="username" type="text">
    <input name="password" type="password">
    <div class="row">
        <input name="username" type="text">
        <div id="a">in text b</div>
        <div id="id">in text b</div>
    </div>
</form>
