<root id="from-foo">
    <level1 class="foo">
        <level2 class="foo">text from foo</level2>
    </level1>
</root>
<root id="from-foo">
    <level1 class="foo">
        <level2 class="foo">text from foo</level2>
    </level1>
</root>
<root id="here">
    <root id="from-foo">
        <level1 class="foo">
            <level2 class="foo">text from foo</level2>
        </level1>
    </root>
    <div>
        <root id="from-foo">
            <level1 class="foo">
                <level2 class="foo">text from foo</level2>
            </level1>
        </root>
    </div>
</root>
