echo
<a>
    text
</a>
<p>text
    <a>text</a>
</p>
<p>
    remove text before tag a
    <a>text</a>
    TODO: provide a way to remove text
    after tag a
</p>
<p>
    abc
    this is a text line
</p>
