<!--[if lt IE 7]><html class="no-js lt-ie9 lt-ie8 lt-ie7"><![endif]-->
<!--[if IE 7]><html class="no-js lt-ie9 lt-ie8"><![endif]-->
<!--[if IE 8]><html class="no-js lt-ie9"><![endif]-->
<!--[if gt IE 8]><!--><html class="no-js"><!--<![endif]-->
<body>
    <!--[if lt IE 8]>
        <script src="hello.js"></script>
    <![endif]-->
    <!--[if gte IE 8]><!-->
        <script src="script.js"></script>
    <!--<![endif]-->
    <p>
        TODO provide a way to use conditional comment
        to surround a start tag only

    </p>
</body>
</html>
